exports[`test renders correctly 1`] = `
<View
  style={
    Object {
      "padding": 10,
    }
  }>
  <Text
    accessible={true}
    allowFontScaling={true}
    ellipsizeMode="tail"
    style={
      Object {
        "fontSize": 20,
        "margin": 10,
        "textAlign": "center",
      }
    }>
    Handoff
  </Text>
  <TextInput
    onChangeText={[Function]}
    placeholder="Give your request a snappy title"
    style={
      Object {
        "height": 40,
      }
    } />
  <TextInput
    onChangeText={[Function]}
    placeholder="Provide details on what you are requesting"
    style={
      Object {
        "height": 40,
      }
    } />
  <TextInput
    onChangeText={[Function]}
    placeholder="Tag your request with keywords so people can find it"
    style={
      Object {
        "height": 40,
      }
    } />
  <View
    style={
      Array [
        Object {
          "alignItems": "center",
          "backgroundColor": "#ffbcbc",
          "borderColor": "red",
          "borderWidth": 1,
          "height": 100,
          "justifyContent": "center",
          "margin": 10,
          "width": 300,
        },
        Object {
          "textAlign": "center",
        },
      ]
    }>
    <Text
      accessible={true}
      allowFontScaling={true}
      ellipsizeMode="tail"
      style={
        Object {
          "color": "#333333",
          "margin": 20,
        }
      }>
      TouchableNativeFeedback is not supported on this platform!
    </Text>
  </View>
  <View
    style={
      Array [
        Object {
          "alignItems": "center",
          "backgroundColor": "#ffbcbc",
          "borderColor": "red",
          "borderWidth": 1,
          "height": 100,
          "justifyContent": "center",
          "margin": 10,
          "width": 300,
        },
        undefined,
      ]
    }>
    <Text
      accessible={true}
      allowFontScaling={true}
      ellipsizeMode="tail"
      style={
        Object {
          "color": "#333333",
          "margin": 20,
        }
      }>
      TouchableNativeFeedback is not supported on this platform!
    </Text>
  </View>
  <View
    style={
      Array [
        Object {
          "alignItems": "center",
          "backgroundColor": "#ffbcbc",
          "borderColor": "red",
          "borderWidth": 1,
          "height": 100,
          "justifyContent": "center",
          "margin": 10,
          "width": 300,
        },
        undefined,
      ]
    }>
    <Text
      accessible={true}
      allowFontScaling={true}
      ellipsizeMode="tail"
      style={
        Object {
          "color": "#333333",
          "margin": 20,
        }
      }>
      TouchableNativeFeedback is not supported on this platform!
    </Text>
  </View>
  <View
    style={
      Array [
        Object {
          "alignItems": "center",
          "backgroundColor": "#ffbcbc",
          "borderColor": "red",
          "borderWidth": 1,
          "height": 100,
          "justifyContent": "center",
          "margin": 10,
          "width": 300,
        },
        undefined,
      ]
    }>
    <Text
      accessible={true}
      allowFontScaling={true}
      ellipsizeMode="tail"
      style={
        Object {
          "color": "#333333",
          "margin": 20,
        }
      }>
      TouchableNativeFeedback is not supported on this platform!
    </Text>
  </View>
</View>
`;
