exports[`test renders correctly 1`] = `
<View>
  <ScrollView
    dataSource={
      ListViewDataSource {
        "items": 1,
      }
    }
    initialListSize={10}
    onContentSizeChange={[Function]}
    onEndReachedThreshold={1000}
    onKeyboardDidHide={undefined}
    onKeyboardDidShow={undefined}
    onKeyboardWillHide={undefined}
    onKeyboardWillShow={undefined}
    onLayout={[Function]}
    onScroll={[Function]}
    pageSize={1}
    removeClippedSubviews={true}
    renderHeader={[Function]}
    renderRow={[Function]}
    renderSeparator={[Function]}
    scrollEventThrottle={50}
    scrollRenderAheadDistance={1000}
    stickyHeaderIndices={Array []}>
    <View
      style={
        Object {
          "alignItems": "center",
          "backgroundColor": "#C1C1C1",
          "flex": 1,
          "flexDirection": "row",
          "height": 70,
          "padding": 8,
        }
      }>
      <TextInput
        onChangeText={[Function]}
        placeholder="Search..."
        style={
          Object {
            "backgroundColor": "#FFFFFF",
            "borderRadius": 2,
            "flex": 1,
            "fontSize": 25,
            "height": 50,
            "paddingHorizontal": 8,
          }
        } />
    </View>
    <View
      style={
        Object {
          "padding": 10,
        }
      }>
      <Text
        accessible={true}
        allowFontScaling={true}
        ellipsizeMode="tail"
        style={
          Object {
            "fontSize": 20,
          }
        }>
          
        Waiting on data
      </Text>
      <Text
        accessible={true}
        allowFontScaling={true}
        ellipsizeMode="tail"
        style={
          Object {
            "fontSize": 20,
          }
        }>
          
        HandOff Team
      </Text>
      <Text
        accessible={true}
        allowFontScaling={true}
        ellipsizeMode="tail"
        style={
          Object {
            "fontSize": 18,
          }
        }>
          
        Should be fetching requests, if this takes too long, checkyour internet connection.
      </Text>
    </View>
    <View
      style={
        Object {
          "backgroundColor": "#C1C1C1",
          "flex": 1,
          "height": 6,
        }
      } />
  </ScrollView>
</View>
`;
